// Jest Snapshot v1, https://goo.gl/fbAQLP

exports[`演算 1 1`] = `
"{
  \\"name\\": \\"Program\\",
  \\"children\\": {
    \\"rules\\": [
      {
        \\"name\\": \\"ProgramRule\\",
        \\"children\\": {
          \\"rules\\": [
            {
              \\"name\\": \\"Assignment\\",
              \\"children\\": {
                \\"rules\\": [
                  {
                    \\"name\\": \\"ToRight\\",
                    \\"children\\": {
                      \\"from\\": [
                        {
                          \\"name\\": \\"LogicExpression\\",
                          \\"children\\": {
                            \\"RelationExpression\\": [
                              {
                                \\"name\\": \\"RelationExpression\\",
                                \\"children\\": {
                                  \\"Expression\\": [
                                    {
                                      \\"name\\": \\"Expression\\",
                                      \\"children\\": {
                                        \\"rules\\": [
                                          {
                                            \\"name\\": \\"Term\\",
                                            \\"children\\": {
                                              \\"PipeExpression\\": [
                                                {
                                                  \\"name\\": \\"PipeExpression\\",
                                                  \\"children\\": {
                                                    \\"from\\": [
                                                      {
                                                        \\"name\\": \\"RangeExpression\\",
                                                        \\"children\\": {
                                                          \\"Factor\\": [
                                                            {
                                                              \\"name\\": \\"Factor\\",
                                                              \\"children\\": {
                                                                \\"ParenthesisExpression\\": [
                                                                  {
                                                                    \\"name\\": \\"ParenthesisExpression\\",
                                                                    \\"children\\": {
                                                                      \\"LBrackets\\": [
                                                                        {
                                                                          \\"image\\": \\"(\\",
                                                                          \\"startOffset\\": 5,
                                                                          \\"endOffset\\": 5,
                                                                          \\"startLine\\": 2,
                                                                          \\"endLine\\": 2,
                                                                          \\"startColumn\\": 5,
                                                                          \\"endColumn\\": 5,
                                                                          \\"tokenTypeIdx\\": 11,
                                                                          \\"tokenType\\": {
                                                                            \\"name\\": \\"LBrackets\\",
                                                                            \\"PATTERN\\": {},
                                                                            \\"tokenTypeIdx\\": 11,
                                                                            \\"CATEGORIES\\": [],
                                                                            \\"categoryMatches\\": [],
                                                                            \\"categoryMatchesMap\\": {},
                                                                            \\"isParent\\": false,
                                                                            \\"LABEL\\": \\"(\\"
                                                                          }
                                                                        }
                                                                      ],
                                                                      \\"expression\\": [
                                                                        {
                                                                          \\"name\\": \\"LogicExpression\\",
                                                                          \\"children\\": {
                                                                            \\"RelationExpression\\": [
                                                                              {
                                                                                \\"name\\": \\"RelationExpression\\",
                                                                                \\"children\\": {
                                                                                  \\"Expression\\": [
                                                                                    {
                                                                                      \\"name\\": \\"Expression\\",
                                                                                      \\"children\\": {
                                                                                        \\"rules\\": [
                                                                                          {
                                                                                            \\"name\\": \\"Term\\",
                                                                                            \\"children\\": {
                                                                                              \\"PipeExpression\\": [
                                                                                                {
                                                                                                  \\"name\\": \\"PipeExpression\\",
                                                                                                  \\"children\\": {
                                                                                                    \\"from\\": [
                                                                                                      {
                                                                                                        \\"name\\": \\"RangeExpression\\",
                                                                                                        \\"children\\": {
                                                                                                          \\"Factor\\": [
                                                                                                            {
                                                                                                              \\"name\\": \\"Factor\\",
                                                                                                              \\"children\\": {
                                                                                                                \\"NumberLiteral\\": [
                                                                                                                  {
                                                                                                                    \\"image\\": \\"1\\",
                                                                                                                    \\"startOffset\\": 6,
                                                                                                                    \\"endOffset\\": 6,
                                                                                                                    \\"startLine\\": 2,
                                                                                                                    \\"endLine\\": 2,
                                                                                                                    \\"startColumn\\": 6,
                                                                                                                    \\"endColumn\\": 6,
                                                                                                                    \\"tokenTypeIdx\\": 5,
                                                                                                                    \\"tokenType\\": {
                                                                                                                      \\"name\\": \\"NumberLiteral\\",
                                                                                                                      \\"PATTERN\\": {},
                                                                                                                      \\"tokenTypeIdx\\": 5,
                                                                                                                      \\"CATEGORIES\\": [],
                                                                                                                      \\"categoryMatches\\": [],
                                                                                                                      \\"categoryMatchesMap\\": {},
                                                                                                                      \\"isParent\\": false
                                                                                                                    }
                                                                                                                  }
                                                                                                                ]
                                                                                                              }
                                                                                                            }
                                                                                                          ]
                                                                                                        }
                                                                                                      }
                                                                                                    ]
                                                                                                  }
                                                                                                }
                                                                                              ]
                                                                                            }
                                                                                          },
                                                                                          {
                                                                                            \\"name\\": \\"Term\\",
                                                                                            \\"children\\": {
                                                                                              \\"PipeExpression\\": [
                                                                                                {
                                                                                                  \\"name\\": \\"PipeExpression\\",
                                                                                                  \\"children\\": {
                                                                                                    \\"from\\": [
                                                                                                      {
                                                                                                        \\"name\\": \\"RangeExpression\\",
                                                                                                        \\"children\\": {
                                                                                                          \\"Factor\\": [
                                                                                                            {
                                                                                                              \\"name\\": \\"Factor\\",
                                                                                                              \\"children\\": {
                                                                                                                \\"NumberLiteral\\": [
                                                                                                                  {
                                                                                                                    \\"image\\": \\"1\\",
                                                                                                                    \\"startOffset\\": 10,
                                                                                                                    \\"endOffset\\": 10,
                                                                                                                    \\"startLine\\": 2,
                                                                                                                    \\"endLine\\": 2,
                                                                                                                    \\"startColumn\\": 10,
                                                                                                                    \\"endColumn\\": 10,
                                                                                                                    \\"tokenTypeIdx\\": 5,
                                                                                                                    \\"tokenType\\": {
                                                                                                                      \\"name\\": \\"NumberLiteral\\",
                                                                                                                      \\"PATTERN\\": {},
                                                                                                                      \\"tokenTypeIdx\\": 5,
                                                                                                                      \\"CATEGORIES\\": [],
                                                                                                                      \\"categoryMatches\\": [],
                                                                                                                      \\"categoryMatchesMap\\": {},
                                                                                                                      \\"isParent\\": false
                                                                                                                    }
                                                                                                                  }
                                                                                                                ]
                                                                                                              }
                                                                                                            }
                                                                                                          ]
                                                                                                        }
                                                                                                      }
                                                                                                    ]
                                                                                                  }
                                                                                                }
                                                                                              ]
                                                                                            }
                                                                                          }
                                                                                        ],
                                                                                        \\"AdditionOperator\\": [
                                                                                          {
                                                                                            \\"image\\": \\"+\\",
                                                                                            \\"startOffset\\": 8,
                                                                                            \\"endOffset\\": 8,
                                                                                            \\"startLine\\": 2,
                                                                                            \\"endLine\\": 2,
                                                                                            \\"startColumn\\": 8,
                                                                                            \\"endColumn\\": 8,
                                                                                            \\"tokenTypeIdx\\": 20,
                                                                                            \\"tokenType\\": {
                                                                                              \\"name\\": \\"Plus\\",
                                                                                              \\"PATTERN\\": {},
                                                                                              \\"CATEGORIES\\": [
                                                                                                {
                                                                                                  \\"name\\": \\"AdditionOperator\\",
                                                                                                  \\"PATTERN\\": {},
                                                                                                  \\"tokenTypeIdx\\": 19,
                                                                                                  \\"CATEGORIES\\": [],
                                                                                                  \\"categoryMatches\\": [
                                                                                                    20,
                                                                                                    21
                                                                                                  ],
                                                                                                  \\"categoryMatchesMap\\": {
                                                                                                    \\"20\\": true,
                                                                                                    \\"21\\": true
                                                                                                  },
                                                                                                  \\"isParent\\": true
                                                                                                }
                                                                                              ],
                                                                                              \\"tokenTypeIdx\\": 20,
                                                                                              \\"categoryMatches\\": [],
                                                                                              \\"categoryMatchesMap\\": {},
                                                                                              \\"isParent\\": false
                                                                                            }
                                                                                          }
                                                                                        ]
                                                                                      }
                                                                                    }
                                                                                  ]
                                                                                }
                                                                              }
                                                                            ]
                                                                          }
                                                                        }
                                                                      ],
                                                                      \\"RBrackets\\": [
                                                                        {
                                                                          \\"image\\": \\")\\",
                                                                          \\"startOffset\\": 11,
                                                                          \\"endOffset\\": 11,
                                                                          \\"startLine\\": 2,
                                                                          \\"endLine\\": 2,
                                                                          \\"startColumn\\": 11,
                                                                          \\"endColumn\\": 11,
                                                                          \\"tokenTypeIdx\\": 12,
                                                                          \\"tokenType\\": {
                                                                            \\"name\\": \\"RBrackets\\",
                                                                            \\"PATTERN\\": {},
                                                                            \\"tokenTypeIdx\\": 12,
                                                                            \\"CATEGORIES\\": [],
                                                                            \\"categoryMatches\\": [],
                                                                            \\"categoryMatchesMap\\": {},
                                                                            \\"isParent\\": false,
                                                                            \\"LABEL\\": \\")\\"
                                                                          }
                                                                        }
                                                                      ]
                                                                    }
                                                                  }
                                                                ]
                                                              }
                                                            }
                                                          ]
                                                        }
                                                      }
                                                    ]
                                                  }
                                                },
                                                {
                                                  \\"name\\": \\"PipeExpression\\",
                                                  \\"children\\": {
                                                    \\"from\\": [
                                                      {
                                                        \\"name\\": \\"RangeExpression\\",
                                                        \\"children\\": {
                                                          \\"Factor\\": [
                                                            {
                                                              \\"name\\": \\"Factor\\",
                                                              \\"children\\": {
                                                                \\"ParenthesisExpression\\": [
                                                                  {
                                                                    \\"name\\": \\"ParenthesisExpression\\",
                                                                    \\"children\\": {
                                                                      \\"LBrackets\\": [
                                                                        {
                                                                          \\"image\\": \\"(\\",
                                                                          \\"startOffset\\": 15,
                                                                          \\"endOffset\\": 15,
                                                                          \\"startLine\\": 2,
                                                                          \\"endLine\\": 2,
                                                                          \\"startColumn\\": 15,
                                                                          \\"endColumn\\": 15,
                                                                          \\"tokenTypeIdx\\": 11,
                                                                          \\"tokenType\\": {
                                                                            \\"name\\": \\"LBrackets\\",
                                                                            \\"PATTERN\\": {},
                                                                            \\"tokenTypeIdx\\": 11,
                                                                            \\"CATEGORIES\\": [],
                                                                            \\"categoryMatches\\": [],
                                                                            \\"categoryMatchesMap\\": {},
                                                                            \\"isParent\\": false,
                                                                            \\"LABEL\\": \\"(\\"
                                                                          }
                                                                        }
                                                                      ],
                                                                      \\"expression\\": [
                                                                        {
                                                                          \\"name\\": \\"LogicExpression\\",
                                                                          \\"children\\": {
                                                                            \\"RelationExpression\\": [
                                                                              {
                                                                                \\"name\\": \\"RelationExpression\\",
                                                                                \\"children\\": {
                                                                                  \\"Expression\\": [
                                                                                    {
                                                                                      \\"name\\": \\"Expression\\",
                                                                                      \\"children\\": {
                                                                                        \\"rules\\": [
                                                                                          {
                                                                                            \\"name\\": \\"Term\\",
                                                                                            \\"children\\": {
                                                                                              \\"PipeExpression\\": [
                                                                                                {
                                                                                                  \\"name\\": \\"PipeExpression\\",
                                                                                                  \\"children\\": {
                                                                                                    \\"from\\": [
                                                                                                      {
                                                                                                        \\"name\\": \\"RangeExpression\\",
                                                                                                        \\"children\\": {
                                                                                                          \\"Factor\\": [
                                                                                                            {
                                                                                                              \\"name\\": \\"Factor\\",
                                                                                                              \\"children\\": {
                                                                                                                \\"NumberLiteral\\": [
                                                                                                                  {
                                                                                                                    \\"image\\": \\"1100\\",
                                                                                                                    \\"startOffset\\": 16,
                                                                                                                    \\"endOffset\\": 19,
                                                                                                                    \\"startLine\\": 2,
                                                                                                                    \\"endLine\\": 2,
                                                                                                                    \\"startColumn\\": 16,
                                                                                                                    \\"endColumn\\": 19,
                                                                                                                    \\"tokenTypeIdx\\": 5,
                                                                                                                    \\"tokenType\\": {
                                                                                                                      \\"name\\": \\"NumberLiteral\\",
                                                                                                                      \\"PATTERN\\": {},
                                                                                                                      \\"tokenTypeIdx\\": 5,
                                                                                                                      \\"CATEGORIES\\": [],
                                                                                                                      \\"categoryMatches\\": [],
                                                                                                                      \\"categoryMatchesMap\\": {},
                                                                                                                      \\"isParent\\": false
                                                                                                                    }
                                                                                                                  }
                                                                                                                ]
                                                                                                              }
                                                                                                            }
                                                                                                          ]
                                                                                                        }
                                                                                                      }
                                                                                                    ]
                                                                                                  }
                                                                                                },
                                                                                                {
                                                                                                  \\"name\\": \\"PipeExpression\\",
                                                                                                  \\"children\\": {
                                                                                                    \\"from\\": [
                                                                                                      {
                                                                                                        \\"name\\": \\"RangeExpression\\",
                                                                                                        \\"children\\": {
                                                                                                          \\"Factor\\": [
                                                                                                            {
                                                                                                              \\"name\\": \\"Factor\\",
                                                                                                              \\"children\\": {
                                                                                                                \\"ParenthesisExpression\\": [
                                                                                                                  {
                                                                                                                    \\"name\\": \\"ParenthesisExpression\\",
                                                                                                                    \\"children\\": {
                                                                                                                      \\"LBrackets\\": [
                                                                                                                        {
                                                                                                                          \\"image\\": \\"(\\",
                                                                                                                          \\"startOffset\\": 23,
                                                                                                                          \\"endOffset\\": 23,
                                                                                                                          \\"startLine\\": 2,
                                                                                                                          \\"endLine\\": 2,
                                                                                                                          \\"startColumn\\": 23,
                                                                                                                          \\"endColumn\\": 23,
                                                                                                                          \\"tokenTypeIdx\\": 11,
                                                                                                                          \\"tokenType\\": {
                                                                                                                            \\"name\\": \\"LBrackets\\",
                                                                                                                            \\"PATTERN\\": {},
                                                                                                                            \\"tokenTypeIdx\\": 11,
                                                                                                                            \\"CATEGORIES\\": [],
                                                                                                                            \\"categoryMatches\\": [],
                                                                                                                            \\"categoryMatchesMap\\": {},
                                                                                                                            \\"isParent\\": false,
                                                                                                                            \\"LABEL\\": \\"(\\"
                                                                                                                          }
                                                                                                                        }
                                                                                                                      ],
                                                                                                                      \\"expression\\": [
                                                                                                                        {
                                                                                                                          \\"name\\": \\"LogicExpression\\",
                                                                                                                          \\"children\\": {
                                                                                                                            \\"RelationExpression\\": [
                                                                                                                              {
                                                                                                                                \\"name\\": \\"RelationExpression\\",
                                                                                                                                \\"children\\": {
                                                                                                                                  \\"Expression\\": [
                                                                                                                                    {
                                                                                                                                      \\"name\\": \\"Expression\\",
                                                                                                                                      \\"children\\": {
                                                                                                                                        \\"rules\\": [
                                                                                                                                          {
                                                                                                                                            \\"name\\": \\"Term\\",
                                                                                                                                            \\"children\\": {
                                                                                                                                              \\"PipeExpression\\": [
                                                                                                                                                {
                                                                                                                                                  \\"name\\": \\"PipeExpression\\",
                                                                                                                                                  \\"children\\": {
                                                                                                                                                    \\"from\\": [
                                                                                                                                                      {
                                                                                                                                                        \\"name\\": \\"RangeExpression\\",
                                                                                                                                                        \\"children\\": {
                                                                                                                                                          \\"Factor\\": [
                                                                                                                                                            {
                                                                                                                                                              \\"name\\": \\"Factor\\",
                                                                                                                                                              \\"children\\": {
                                                                                                                                                                \\"NumberLiteral\\": [
                                                                                                                                                                  {
                                                                                                                                                                    \\"image\\": \\"10\\",
                                                                                                                                                                    \\"startOffset\\": 24,
                                                                                                                                                                    \\"endOffset\\": 25,
                                                                                                                                                                    \\"startLine\\": 2,
                                                                                                                                                                    \\"endLine\\": 2,
                                                                                                                                                                    \\"startColumn\\": 24,
                                                                                                                                                                    \\"endColumn\\": 25,
                                                                                                                                                                    \\"tokenTypeIdx\\": 5,
                                                                                                                                                                    \\"tokenType\\": {
                                                                                                                                                                      \\"name\\": \\"NumberLiteral\\",
                                                                                                                                                                      \\"PATTERN\\": {},
                                                                                                                                                                      \\"tokenTypeIdx\\": 5,
                                                                                                                                                                      \\"CATEGORIES\\": [],
                                                                                                                                                                      \\"categoryMatches\\": [],
                                                                                                                                                                      \\"categoryMatchesMap\\": {},
                                                                                                                                                                      \\"isParent\\": false
                                                                                                                                                                    }
                                                                                                                                                                  }
                                                                                                                                                                ]
                                                                                                                                                              }
                                                                                                                                                            }
                                                                                                                                                          ]
                                                                                                                                                        }
                                                                                                                                                      }
                                                                                                                                                    ]
                                                                                                                                                  }
                                                                                                                                                }
                                                                                                                                              ]
                                                                                                                                            }
                                                                                                                                          },
                                                                                                                                          {
                                                                                                                                            \\"name\\": \\"Term\\",
                                                                                                                                            \\"children\\": {
                                                                                                                                              \\"PipeExpression\\": [
                                                                                                                                                {
                                                                                                                                                  \\"name\\": \\"PipeExpression\\",
                                                                                                                                                  \\"children\\": {
                                                                                                                                                    \\"from\\": [
                                                                                                                                                      {
                                                                                                                                                        \\"name\\": \\"RangeExpression\\",
                                                                                                                                                        \\"children\\": {
                                                                                                                                                          \\"Factor\\": [
                                                                                                                                                            {
                                                                                                                                                              \\"name\\": \\"Factor\\",
                                                                                                                                                              \\"children\\": {
                                                                                                                                                                \\"NumberLiteral\\": [
                                                                                                                                                                  {
                                                                                                                                                                    \\"image\\": \\"11\\",
                                                                                                                                                                    \\"startOffset\\": 29,
                                                                                                                                                                    \\"endOffset\\": 30,
                                                                                                                                                                    \\"startLine\\": 2,
                                                                                                                                                                    \\"endLine\\": 2,
                                                                                                                                                                    \\"startColumn\\": 29,
                                                                                                                                                                    \\"endColumn\\": 30,
                                                                                                                                                                    \\"tokenTypeIdx\\": 5,
                                                                                                                                                                    \\"tokenType\\": {
                                                                                                                                                                      \\"name\\": \\"NumberLiteral\\",
                                                                                                                                                                      \\"PATTERN\\": {},
                                                                                                                                                                      \\"tokenTypeIdx\\": 5,
                                                                                                                                                                      \\"CATEGORIES\\": [],
                                                                                                                                                                      \\"categoryMatches\\": [],
                                                                                                                                                                      \\"categoryMatchesMap\\": {},
                                                                                                                                                                      \\"isParent\\": false
                                                                                                                                                                    }
                                                                                                                                                                  }
                                                                                                                                                                ]
                                                                                                                                                              }
                                                                                                                                                            }
                                                                                                                                                          ]
                                                                                                                                                        }
                                                                                                                                                      }
                                                                                                                                                    ]
                                                                                                                                                  }
                                                                                                                                                }
                                                                                                                                              ]
                                                                                                                                            }
                                                                                                                                          }
                                                                                                                                        ],
                                                                                                                                        \\"AdditionOperator\\": [
                                                                                                                                          {
                                                                                                                                            \\"image\\": \\"-\\",
                                                                                                                                            \\"startOffset\\": 27,
                                                                                                                                            \\"endOffset\\": 27,
                                                                                                                                            \\"startLine\\": 2,
                                                                                                                                            \\"endLine\\": 2,
                                                                                                                                            \\"startColumn\\": 27,
                                                                                                                                            \\"endColumn\\": 27,
                                                                                                                                            \\"tokenTypeIdx\\": 21,
                                                                                                                                            \\"tokenType\\": {
                                                                                                                                              \\"name\\": \\"Minus\\",
                                                                                                                                              \\"PATTERN\\": {},
                                                                                                                                              \\"CATEGORIES\\": [
                                                                                                                                                {
                                                                                                                                                  \\"name\\": \\"AdditionOperator\\",
                                                                                                                                                  \\"PATTERN\\": {},
                                                                                                                                                  \\"tokenTypeIdx\\": 19,
                                                                                                                                                  \\"CATEGORIES\\": [],
                                                                                                                                                  \\"categoryMatches\\": [
                                                                                                                                                    20,
                                                                                                                                                    21
                                                                                                                                                  ],
                                                                                                                                                  \\"categoryMatchesMap\\": {
                                                                                                                                                    \\"20\\": true,
                                                                                                                                                    \\"21\\": true
                                                                                                                                                  },
                                                                                                                                                  \\"isParent\\": true
                                                                                                                                                }
                                                                                                                                              ],
                                                                                                                                              \\"tokenTypeIdx\\": 21,
                                                                                                                                              \\"categoryMatches\\": [],
                                                                                                                                              \\"categoryMatchesMap\\": {},
                                                                                                                                              \\"isParent\\": false
                                                                                                                                            }
                                                                                                                                          }
                                                                                                                                        ]
                                                                                                                                      }
                                                                                                                                    }
                                                                                                                                  ]
                                                                                                                                }
                                                                                                                              }
                                                                                                                            ]
                                                                                                                          }
                                                                                                                        }
                                                                                                                      ],
                                                                                                                      \\"RBrackets\\": [
                                                                                                                        {
                                                                                                                          \\"image\\": \\")\\",
                                                                                                                          \\"startOffset\\": 31,
                                                                                                                          \\"endOffset\\": 31,
                                                                                                                          \\"startLine\\": 2,
                                                                                                                          \\"endLine\\": 2,
                                                                                                                          \\"startColumn\\": 31,
                                                                                                                          \\"endColumn\\": 31,
                                                                                                                          \\"tokenTypeIdx\\": 12,
                                                                                                                          \\"tokenType\\": {
                                                                                                                            \\"name\\": \\"RBrackets\\",
                                                                                                                            \\"PATTERN\\": {},
                                                                                                                            \\"tokenTypeIdx\\": 12,
                                                                                                                            \\"CATEGORIES\\": [],
                                                                                                                            \\"categoryMatches\\": [],
                                                                                                                            \\"categoryMatchesMap\\": {},
                                                                                                                            \\"isParent\\": false,
                                                                                                                            \\"LABEL\\": \\")\\"
                                                                                                                          }
                                                                                                                        }
                                                                                                                      ]
                                                                                                                    }
                                                                                                                  }
                                                                                                                ]
                                                                                                              }
                                                                                                            }
                                                                                                          ]
                                                                                                        }
                                                                                                      }
                                                                                                    ]
                                                                                                  }
                                                                                                }
                                                                                              ],
                                                                                              \\"MultiplicationOperator\\": [
                                                                                                {
                                                                                                  \\"image\\": \\"*\\",
                                                                                                  \\"startOffset\\": 21,
                                                                                                  \\"endOffset\\": 21,
                                                                                                  \\"startLine\\": 2,
                                                                                                  \\"endLine\\": 2,
                                                                                                  \\"startColumn\\": 21,
                                                                                                  \\"endColumn\\": 21,
                                                                                                  \\"tokenTypeIdx\\": 23,
                                                                                                  \\"tokenType\\": {
                                                                                                    \\"name\\": \\"Multi\\",
                                                                                                    \\"PATTERN\\": {},
                                                                                                    \\"CATEGORIES\\": [
                                                                                                      {
                                                                                                        \\"name\\": \\"MultiplicationOperator\\",
                                                                                                        \\"PATTERN\\": {},
                                                                                                        \\"tokenTypeIdx\\": 22,
                                                                                                        \\"CATEGORIES\\": [],
                                                                                                        \\"categoryMatches\\": [
                                                                                                          23,
                                                                                                          24,
                                                                                                          25
                                                                                                        ],
                                                                                                        \\"categoryMatchesMap\\": {
                                                                                                          \\"23\\": true,
                                                                                                          \\"24\\": true,
                                                                                                          \\"25\\": true
                                                                                                        },
                                                                                                        \\"isParent\\": true
                                                                                                      }
                                                                                                    ],
                                                                                                    \\"tokenTypeIdx\\": 23,
                                                                                                    \\"categoryMatches\\": [],
                                                                                                    \\"categoryMatchesMap\\": {},
                                                                                                    \\"isParent\\": false
                                                                                                  }
                                                                                                }
                                                                                              ]
                                                                                            }
                                                                                          }
                                                                                        ]
                                                                                      }
                                                                                    }
                                                                                  ]
                                                                                }
                                                                              }
                                                                            ]
                                                                          }
                                                                        }
                                                                      ],
                                                                      \\"RBrackets\\": [
                                                                        {
                                                                          \\"image\\": \\")\\",
                                                                          \\"startOffset\\": 32,
                                                                          \\"endOffset\\": 32,
                                                                          \\"startLine\\": 2,
                                                                          \\"endLine\\": 2,
                                                                          \\"startColumn\\": 32,
                                                                          \\"endColumn\\": 32,
                                                                          \\"tokenTypeIdx\\": 12,
                                                                          \\"tokenType\\": {
                                                                            \\"name\\": \\"RBrackets\\",
                                                                            \\"PATTERN\\": {},
                                                                            \\"tokenTypeIdx\\": 12,
                                                                            \\"CATEGORIES\\": [],
                                                                            \\"categoryMatches\\": [],
                                                                            \\"categoryMatchesMap\\": {},
                                                                            \\"isParent\\": false,
                                                                            \\"LABEL\\": \\")\\"
                                                                          }
                                                                        }
                                                                      ]
                                                                    }
                                                                  }
                                                                ]
                                                              }
                                                            }
                                                          ]
                                                        }
                                                      }
                                                    ]
                                                  }
                                                }
                                              ],
                                              \\"MultiplicationOperator\\": [
                                                {
                                                  \\"image\\": \\"/\\",
                                                  \\"startOffset\\": 13,
                                                  \\"endOffset\\": 13,
                                                  \\"startLine\\": 2,
                                                  \\"endLine\\": 2,
                                                  \\"startColumn\\": 13,
                                                  \\"endColumn\\": 13,
                                                  \\"tokenTypeIdx\\": 24,
                                                  \\"tokenType\\": {
                                                    \\"name\\": \\"Div\\",
                                                    \\"PATTERN\\": {},
                                                    \\"CATEGORIES\\": [
                                                      {
                                                        \\"name\\": \\"MultiplicationOperator\\",
                                                        \\"PATTERN\\": {},
                                                        \\"tokenTypeIdx\\": 22,
                                                        \\"CATEGORIES\\": [],
                                                        \\"categoryMatches\\": [
                                                          23,
                                                          24,
                                                          25
                                                        ],
                                                        \\"categoryMatchesMap\\": {
                                                          \\"23\\": true,
                                                          \\"24\\": true,
                                                          \\"25\\": true
                                                        },
                                                        \\"isParent\\": true
                                                      }
                                                    ],
                                                    \\"tokenTypeIdx\\": 24,
                                                    \\"categoryMatches\\": [],
                                                    \\"categoryMatchesMap\\": {},
                                                    \\"isParent\\": false
                                                  }
                                                }
                                              ]
                                            }
                                          }
                                        ]
                                      }
                                    }
                                  ]
                                }
                              }
                            ]
                          }
                        }
                      ]
                    }
                  }
                ]
              }
            }
          ]
        }
      }
    ]
  }
}"
`;
